2026-02-20 22:56:14.869 +06:00 [INF] Applying database migrations...
2026-02-20 22:56:29.089 +06:00 [INF] Database migrations applied successfully.
2026-02-20 22:56:29.095 +06:00 [INF] Seeding database...
2026-02-20 22:56:31.176 +06:00 [INF] Admin user with email admin@fxratehub.com already exists
2026-02-20 22:56:31.576 +06:00 [INF] App setting with key SyncIntervalMinutes already exists
2026-02-20 22:56:31.857 +06:00 [INF] App setting with key DailyRequestLimit already exists
2026-02-20 22:56:32.143 +06:00 [INF] App setting with key MaintenanceMode already exists
2026-02-20 22:56:32.147 +06:00 [INF] Database seeding skipped - all records already exist
2026-02-20 22:56:32.169 +06:00 [INF] Database seeding completed.
2026-02-20 22:56:32.195 +06:00 [INF] FX Rate Hub API is starting...
2026-02-20 22:56:32.433 +06:00 [INF] Initialized Scheduler Signaller of type: Quartz.Core.SchedulerSignalerImpl
2026-02-20 22:56:32.436 +06:00 [INF] Quartz Scheduler created
2026-02-20 22:56:32.443 +06:00 [INF] JobFactory set to: Quartz.Simpl.MicrosoftDependencyInjectionJobFactory
2026-02-20 22:56:32.447 +06:00 [INF] RAMJobStore initialized.
2026-02-20 22:56:32.451 +06:00 [INF] Quartz Scheduler 3.8.1.0 - 'QuartzScheduler' with instanceId 'NON_CLUSTERED' initialized
2026-02-20 22:56:32.455 +06:00 [INF] Using thread pool 'Quartz.Simpl.DefaultThreadPool', size: 10
2026-02-20 22:56:32.459 +06:00 [INF] Using job store 'Quartz.Simpl.RAMJobStore', supports persistence: False, clustered: False
2026-02-20 22:56:32.504 +06:00 [INF] Adding 2 jobs, 2 triggers.
2026-02-20 22:56:32.516 +06:00 [INF] Adding job: DEFAULT.FxRateSyncJob
2026-02-20 22:56:32.585 +06:00 [INF] Adding job: DEFAULT.DailyResetJob
2026-02-20 22:56:32.907 +06:00 [INF] Scheduler QuartzScheduler_$_NON_CLUSTERED started.
2026-02-20 22:56:53.639 +06:00 [WRN] Failed to determine the https port for redirect.
2026-02-20 22:56:53.920 +06:00 [INF] HTTP GET / responded 302 in 366.0255 ms
2026-02-20 22:56:54.290 +06:00 [INF] HTTP GET /api-docs/index.html responded 200 in 302.2374 ms
2026-02-20 22:56:57.900 +06:00 [INF] HTTP GET /api-docs/v1/swagger.json responded 200 in 874.3475 ms
2026-02-20 22:59:09.817 +06:00 [INF] Processing request RegisterCommand
2026-02-20 22:59:14.129 +06:00 [INF] Completed request RegisterCommand in 4247ms
2026-02-20 22:59:14.191 +06:00 [INF] HTTP POST /api/Auth/register responded 200 in 5311.4099 ms
2026-02-20 23:00:00.129 +06:00 [INF] FxRateSyncJob started at "2026-02-20T17:00:00.1287414Z"
2026-02-20 23:00:00.163 +06:00 [INF] Processing request SyncExchangeRatesCommand
2026-02-20 23:00:00.265 +06:00 [ERR] Error processing request SyncExchangeRatesCommand: A suitable constructor for type 'FxRateHub.Infrastructure.ExternalServices.CurrencyFreaksService' could not be located. Ensure the type is concrete and all parameters of a public constructor are either registered as services or passed as arguments. Also ensure no extraneous arguments are provided.
System.InvalidOperationException: A suitable constructor for type 'FxRateHub.Infrastructure.ExternalServices.CurrencyFreaksService' could not be located. Ensure the type is concrete and all parameters of a public constructor are either registered as services or passed as arguments. Also ensure no extraneous arguments are provided.
   at Microsoft.Extensions.DependencyInjection.ActivatorUtilities.FindApplicableConstructor(Type instanceType, Type[] argumentTypes, ConstructorInfo& matchingConstructor, Nullable`1[]& matchingParameterMap)
   at Microsoft.Extensions.DependencyInjection.ActivatorUtilities.CreateFactoryInternal(Type instanceType, Type[] argumentTypes, ParameterExpression& provider, ParameterExpression& argumentArray, Expression& factoryExpressionBody)
   at Microsoft.Extensions.DependencyInjection.ActivatorUtilities.CreateFactory(Type instanceType, Type[] argumentTypes)
   at System.Threading.LazyInitializer.EnsureInitializedCore[T](T& target, Boolean& initialized, Object& syncLock, Func`1 valueFactory)
   at Microsoft.Extensions.Http.DefaultTypedHttpClientFactory`1.CreateClient(HttpClient httpClient)
   at Microsoft.Extensions.DependencyInjection.HttpClientBuilderExtensions.AddTransientHelper[TClient,TImplementation](IServiceProvider s, IHttpClientBuilder builder)
   at Microsoft.Extensions.DependencyInjection.ServiceLookup.CallSiteVisitor`2.VisitCallSiteMain(ServiceCallSite callSite, TArgument argument)
   at Microsoft.Extensions.DependencyInjection.ServiceLookup.CallSiteVisitor`2.VisitCallSite(ServiceCallSite callSite, TArgument argument)
   at Microsoft.Extensions.DependencyInjection.ServiceLookup.CallSiteVisitor`2.VisitCallSiteMain(ServiceCallSite callSite, TArgument argument)
   at Microsoft.Extensions.DependencyInjection.ServiceLookup.CallSiteVisitor`2.VisitCallSite(ServiceCallSite callSite, TArgument argument)
   at Microsoft.Extensions.DependencyInjection.ServiceLookup.CallSiteRuntimeResolver.Resolve(ServiceCallSite callSite, ServiceProviderEngineScope scope)
   at Microsoft.Extensions.DependencyInjection.ServiceLookup.DynamicServiceProviderEngine.<>c__DisplayClass2_0.<RealizeService>b__0(ServiceProviderEngineScope scope)
   at Microsoft.Extensions.DependencyInjection.ServiceLookup.ServiceProviderEngineScope.GetService(Type serviceType)
   at Microsoft.Extensions.DependencyInjection.ServiceProviderServiceExtensions.GetRequiredService(IServiceProvider provider, Type serviceType)
   at Microsoft.Extensions.DependencyInjection.ServiceProviderServiceExtensions.GetRequiredService[T](IServiceProvider provider)
   at MediatR.Wrappers.RequestHandlerWrapperImpl`2.<>c__DisplayClass1_0.<Handle>g__Handler|0()
   at FxRateHub.Application.Common.Behaviors.LoggingBehavior`2.Handle(TRequest request, RequestHandlerDelegate`1 next, CancellationToken cancellationToken) in /media/mainul/Software/FxRateHub/src/FxRateHub.Application/Common/Behaviors/LoggingBehavior.cs:line 30
2026-02-20 23:00:00.625 +06:00 [ERR] FxRateSyncJob encountered an error
System.InvalidOperationException: A suitable constructor for type 'FxRateHub.Infrastructure.ExternalServices.CurrencyFreaksService' could not be located. Ensure the type is concrete and all parameters of a public constructor are either registered as services or passed as arguments. Also ensure no extraneous arguments are provided.
   at Microsoft.Extensions.DependencyInjection.ActivatorUtilities.FindApplicableConstructor(Type instanceType, Type[] argumentTypes, ConstructorInfo& matchingConstructor, Nullable`1[]& matchingParameterMap)
   at Microsoft.Extensions.DependencyInjection.ActivatorUtilities.CreateFactoryInternal(Type instanceType, Type[] argumentTypes, ParameterExpression& provider, ParameterExpression& argumentArray, Expression& factoryExpressionBody)
   at Microsoft.Extensions.DependencyInjection.ActivatorUtilities.CreateFactory(Type instanceType, Type[] argumentTypes)
   at System.Threading.LazyInitializer.EnsureInitializedCore[T](T& target, Boolean& initialized, Object& syncLock, Func`1 valueFactory)
   at Microsoft.Extensions.Http.DefaultTypedHttpClientFactory`1.CreateClient(HttpClient httpClient)
   at Microsoft.Extensions.DependencyInjection.HttpClientBuilderExtensions.AddTransientHelper[TClient,TImplementation](IServiceProvider s, IHttpClientBuilder builder)
   at Microsoft.Extensions.DependencyInjection.ServiceLookup.CallSiteVisitor`2.VisitCallSiteMain(ServiceCallSite callSite, TArgument argument)
   at Microsoft.Extensions.DependencyInjection.ServiceLookup.CallSiteVisitor`2.VisitCallSite(ServiceCallSite callSite, TArgument argument)
   at Microsoft.Extensions.DependencyInjection.ServiceLookup.CallSiteVisitor`2.VisitCallSiteMain(ServiceCallSite callSite, TArgument argument)
   at Microsoft.Extensions.DependencyInjection.ServiceLookup.CallSiteVisitor`2.VisitCallSite(ServiceCallSite callSite, TArgument argument)
   at Microsoft.Extensions.DependencyInjection.ServiceLookup.CallSiteRuntimeResolver.Resolve(ServiceCallSite callSite, ServiceProviderEngineScope scope)
   at Microsoft.Extensions.DependencyInjection.ServiceLookup.DynamicServiceProviderEngine.<>c__DisplayClass2_0.<RealizeService>b__0(ServiceProviderEngineScope scope)
   at Microsoft.Extensions.DependencyInjection.ServiceLookup.ServiceProviderEngineScope.GetService(Type serviceType)
   at Microsoft.Extensions.DependencyInjection.ServiceProviderServiceExtensions.GetRequiredService(IServiceProvider provider, Type serviceType)
   at Microsoft.Extensions.DependencyInjection.ServiceProviderServiceExtensions.GetRequiredService[T](IServiceProvider provider)
   at MediatR.Wrappers.RequestHandlerWrapperImpl`2.<>c__DisplayClass1_0.<Handle>g__Handler|0()
   at FxRateHub.Application.Common.Behaviors.LoggingBehavior`2.Handle(TRequest request, RequestHandlerDelegate`1 next, CancellationToken cancellationToken) in /media/mainul/Software/FxRateHub/src/FxRateHub.Application/Common/Behaviors/LoggingBehavior.cs:line 30
   at FxRateHub.Application.Common.Behaviors.ValidationBehavior`2.Handle(TRequest request, RequestHandlerDelegate`1 next, CancellationToken cancellationToken) in /media/mainul/Software/FxRateHub/src/FxRateHub.Application/Common/Behaviors/ValidationBehavior.cs:line 24
   at FxRateHub.Infrastructure.BackgroundJobs.FxRateSyncJob.Execute(IJobExecutionContext context) in /media/mainul/Software/FxRateHub/src/FxRateHub.Infrastructure/BackgroundJobs/FxRateSyncJob.cs:line 33
2026-02-20 23:00:00.708 +06:00 [ERR] Job DEFAULT.FxRateSyncJob threw an unhandled Exception: 
System.InvalidOperationException: A suitable constructor for type 'FxRateHub.Infrastructure.ExternalServices.CurrencyFreaksService' could not be located. Ensure the type is concrete and all parameters of a public constructor are either registered as services or passed as arguments. Also ensure no extraneous arguments are provided.
   at Microsoft.Extensions.DependencyInjection.ActivatorUtilities.FindApplicableConstructor(Type instanceType, Type[] argumentTypes, ConstructorInfo& matchingConstructor, Nullable`1[]& matchingParameterMap)
   at Microsoft.Extensions.DependencyInjection.ActivatorUtilities.CreateFactoryInternal(Type instanceType, Type[] argumentTypes, ParameterExpression& provider, ParameterExpression& argumentArray, Expression& factoryExpressionBody)
   at Microsoft.Extensions.DependencyInjection.ActivatorUtilities.CreateFactory(Type instanceType, Type[] argumentTypes)
   at System.Threading.LazyInitializer.EnsureInitializedCore[T](T& target, Boolean& initialized, Object& syncLock, Func`1 valueFactory)
   at Microsoft.Extensions.Http.DefaultTypedHttpClientFactory`1.CreateClient(HttpClient httpClient)
   at Microsoft.Extensions.DependencyInjection.HttpClientBuilderExtensions.AddTransientHelper[TClient,TImplementation](IServiceProvider s, IHttpClientBuilder builder)
   at Microsoft.Extensions.DependencyInjection.ServiceLookup.CallSiteVisitor`2.VisitCallSiteMain(ServiceCallSite callSite, TArgument argument)
   at Microsoft.Extensions.DependencyInjection.ServiceLookup.CallSiteVisitor`2.VisitCallSite(ServiceCallSite callSite, TArgument argument)
   at Microsoft.Extensions.DependencyInjection.ServiceLookup.CallSiteVisitor`2.VisitCallSiteMain(ServiceCallSite callSite, TArgument argument)
   at Microsoft.Extensions.DependencyInjection.ServiceLookup.CallSiteVisitor`2.VisitCallSite(ServiceCallSite callSite, TArgument argument)
   at Microsoft.Extensions.DependencyInjection.ServiceLookup.CallSiteRuntimeResolver.Resolve(ServiceCallSite callSite, ServiceProviderEngineScope scope)
   at Microsoft.Extensions.DependencyInjection.ServiceLookup.DynamicServiceProviderEngine.<>c__DisplayClass2_0.<RealizeService>b__0(ServiceProviderEngineScope scope)
   at Microsoft.Extensions.DependencyInjection.ServiceLookup.ServiceProviderEngineScope.GetService(Type serviceType)
   at Microsoft.Extensions.DependencyInjection.ServiceProviderServiceExtensions.GetRequiredService(IServiceProvider provider, Type serviceType)
   at Microsoft.Extensions.DependencyInjection.ServiceProviderServiceExtensions.GetRequiredService[T](IServiceProvider provider)
   at MediatR.Wrappers.RequestHandlerWrapperImpl`2.<>c__DisplayClass1_0.<Handle>g__Handler|0()
   at FxRateHub.Application.Common.Behaviors.LoggingBehavior`2.Handle(TRequest request, RequestHandlerDelegate`1 next, CancellationToken cancellationToken) in /media/mainul/Software/FxRateHub/src/FxRateHub.Application/Common/Behaviors/LoggingBehavior.cs:line 30
   at FxRateHub.Application.Common.Behaviors.ValidationBehavior`2.Handle(TRequest request, RequestHandlerDelegate`1 next, CancellationToken cancellationToken) in /media/mainul/Software/FxRateHub/src/FxRateHub.Application/Common/Behaviors/ValidationBehavior.cs:line 24
   at FxRateHub.Infrastructure.BackgroundJobs.FxRateSyncJob.Execute(IJobExecutionContext context) in /media/mainul/Software/FxRateHub/src/FxRateHub.Infrastructure/BackgroundJobs/FxRateSyncJob.cs:line 33
   at Quartz.Core.JobRunShell.Run(CancellationToken cancellationToken)
2026-02-20 23:00:00.792 +06:00 [ERR] Job DEFAULT.FxRateSyncJob threw an exception.
Quartz.SchedulerException: Job threw an unhandled exception.
 ---> System.InvalidOperationException: A suitable constructor for type 'FxRateHub.Infrastructure.ExternalServices.CurrencyFreaksService' could not be located. Ensure the type is concrete and all parameters of a public constructor are either registered as services or passed as arguments. Also ensure no extraneous arguments are provided.
   at Microsoft.Extensions.DependencyInjection.ActivatorUtilities.FindApplicableConstructor(Type instanceType, Type[] argumentTypes, ConstructorInfo& matchingConstructor, Nullable`1[]& matchingParameterMap)
   at Microsoft.Extensions.DependencyInjection.ActivatorUtilities.CreateFactoryInternal(Type instanceType, Type[] argumentTypes, ParameterExpression& provider, ParameterExpression& argumentArray, Expression& factoryExpressionBody)
   at Microsoft.Extensions.DependencyInjection.ActivatorUtilities.CreateFactory(Type instanceType, Type[] argumentTypes)
   at System.Threading.LazyInitializer.EnsureInitializedCore[T](T& target, Boolean& initialized, Object& syncLock, Func`1 valueFactory)
   at Microsoft.Extensions.Http.DefaultTypedHttpClientFactory`1.CreateClient(HttpClient httpClient)
   at Microsoft.Extensions.DependencyInjection.HttpClientBuilderExtensions.AddTransientHelper[TClient,TImplementation](IServiceProvider s, IHttpClientBuilder builder)
   at Microsoft.Extensions.DependencyInjection.ServiceLookup.CallSiteVisitor`2.VisitCallSiteMain(ServiceCallSite callSite, TArgument argument)
   at Microsoft.Extensions.DependencyInjection.ServiceLookup.CallSiteVisitor`2.VisitCallSite(ServiceCallSite callSite, TArgument argument)
   at Microsoft.Extensions.DependencyInjection.ServiceLookup.CallSiteVisitor`2.VisitCallSiteMain(ServiceCallSite callSite, TArgument argument)
   at Microsoft.Extensions.DependencyInjection.ServiceLookup.CallSiteVisitor`2.VisitCallSite(ServiceCallSite callSite, TArgument argument)
   at Microsoft.Extensions.DependencyInjection.ServiceLookup.CallSiteRuntimeResolver.Resolve(ServiceCallSite callSite, ServiceProviderEngineScope scope)
   at Microsoft.Extensions.DependencyInjection.ServiceLookup.DynamicServiceProviderEngine.<>c__DisplayClass2_0.<RealizeService>b__0(ServiceProviderEngineScope scope)
   at Microsoft.Extensions.DependencyInjection.ServiceLookup.ServiceProviderEngineScope.GetService(Type serviceType)
   at Microsoft.Extensions.DependencyInjection.ServiceProviderServiceExtensions.GetRequiredService(IServiceProvider provider, Type serviceType)
   at Microsoft.Extensions.DependencyInjection.ServiceProviderServiceExtensions.GetRequiredService[T](IServiceProvider provider)
   at MediatR.Wrappers.RequestHandlerWrapperImpl`2.<>c__DisplayClass1_0.<Handle>g__Handler|0()
   at FxRateHub.Application.Common.Behaviors.LoggingBehavior`2.Handle(TRequest request, RequestHandlerDelegate`1 next, CancellationToken cancellationToken) in /media/mainul/Software/FxRateHub/src/FxRateHub.Application/Common/Behaviors/LoggingBehavior.cs:line 30
   at FxRateHub.Application.Common.Behaviors.ValidationBehavior`2.Handle(TRequest request, RequestHandlerDelegate`1 next, CancellationToken cancellationToken) in /media/mainul/Software/FxRateHub/src/FxRateHub.Application/Common/Behaviors/ValidationBehavior.cs:line 24
   at FxRateHub.Infrastructure.BackgroundJobs.FxRateSyncJob.Execute(IJobExecutionContext context) in /media/mainul/Software/FxRateHub/src/FxRateHub.Infrastructure/BackgroundJobs/FxRateSyncJob.cs:line 33
   at Quartz.Core.JobRunShell.Run(CancellationToken cancellationToken)
   --- End of inner exception stack trace --- [See nested exception: System.InvalidOperationException: A suitable constructor for type 'FxRateHub.Infrastructure.ExternalServices.CurrencyFreaksService' could not be located. Ensure the type is concrete and all parameters of a public constructor are either registered as services or passed as arguments. Also ensure no extraneous arguments are provided.
   at Microsoft.Extensions.DependencyInjection.ActivatorUtilities.FindApplicableConstructor(Type instanceType, Type[] argumentTypes, ConstructorInfo& matchingConstructor, Nullable`1[]& matchingParameterMap)
   at Microsoft.Extensions.DependencyInjection.ActivatorUtilities.CreateFactoryInternal(Type instanceType, Type[] argumentTypes, ParameterExpression& provider, ParameterExpression& argumentArray, Expression& factoryExpressionBody)
   at Microsoft.Extensions.DependencyInjection.ActivatorUtilities.CreateFactory(Type instanceType, Type[] argumentTypes)
   at System.Threading.LazyInitializer.EnsureInitializedCore[T](T& target, Boolean& initialized, Object& syncLock, Func`1 valueFactory)
   at Microsoft.Extensions.Http.DefaultTypedHttpClientFactory`1.CreateClient(HttpClient httpClient)
   at Microsoft.Extensions.DependencyInjection.HttpClientBuilderExtensions.AddTransientHelper[TClient,TImplementation](IServiceProvider s, IHttpClientBuilder builder)
   at Microsoft.Extensions.DependencyInjection.ServiceLookup.CallSiteVisitor`2.VisitCallSiteMain(ServiceCallSite callSite, TArgument argument)
   at Microsoft.Extensions.DependencyInjection.ServiceLookup.CallSiteVisitor`2.VisitCallSite(ServiceCallSite callSite, TArgument argument)
   at Microsoft.Extensions.DependencyInjection.ServiceLookup.CallSiteVisitor`2.VisitCallSiteMain(ServiceCallSite callSite, TArgument argument)
   at Microsoft.Extensions.DependencyInjection.ServiceLookup.CallSiteVisitor`2.VisitCallSite(ServiceCallSite callSite, TArgument argument)
   at Microsoft.Extensions.DependencyInjection.ServiceLookup.CallSiteRuntimeResolver.Resolve(ServiceCallSite callSite, ServiceProviderEngineScope scope)
   at Microsoft.Extensions.DependencyInjection.ServiceLookup.DynamicServiceProviderEngine.<>c__DisplayClass2_0.<RealizeService>b__0(ServiceProviderEngineScope scope)
   at Microsoft.Extensions.DependencyInjection.ServiceLookup.ServiceProviderEngineScope.GetService(Type serviceType)
   at Microsoft.Extensions.DependencyInjection.ServiceProviderServiceExtensions.GetRequiredService(IServiceProvider provider, Type serviceType)
   at Microsoft.Extensions.DependencyInjection.ServiceProviderServiceExtensions.GetRequiredService[T](IServiceProvider provider)
   at MediatR.Wrappers.RequestHandlerWrapperImpl`2.<>c__DisplayClass1_0.<Handle>g__Handler|0()
   at FxRateHub.Application.Common.Behaviors.LoggingBehavior`2.Handle(TRequest request, RequestHandlerDelegate`1 next, CancellationToken cancellationToken) in /media/mainul/Software/FxRateHub/src/FxRateHub.Application/Common/Behaviors/LoggingBehavior.cs:line 30
   at FxRateHub.Application.Common.Behaviors.ValidationBehavior`2.Handle(TRequest request, RequestHandlerDelegate`1 next, CancellationToken cancellationToken) in /media/mainul/Software/FxRateHub/src/FxRateHub.Application/Common/Behaviors/ValidationBehavior.cs:line 24
   at FxRateHub.Infrastructure.BackgroundJobs.FxRateSyncJob.Execute(IJobExecutionContext context) in /media/mainul/Software/FxRateHub/src/FxRateHub.Infrastructure/BackgroundJobs/FxRateSyncJob.cs:line 33
   at Quartz.Core.JobRunShell.Run(CancellationToken cancellationToken)]
2026-02-20 23:00:09.695 +06:00 [INF] Processing request LoginCommand
2026-02-20 23:00:11.367 +06:00 [INF] Completed request LoginCommand in 1642ms
2026-02-20 23:00:11.380 +06:00 [INF] HTTP POST /api/Auth/login responded 200 in 1990.7517 ms
2026-02-20 23:01:08.385 +06:00 [INF] HTTP GET /api/apikey responded 401 in 42.3153 ms
2026-02-20 23:01:21.406 +06:00 [INF] HTTP GET /api/apikey responded 401 in 5.9206 ms
2026-02-20 23:01:24.823 +06:00 [INF] HTTP GET /api-docs/index.html responded 200 in 55.2633 ms
2026-02-20 23:01:28.196 +06:00 [INF] HTTP GET /api-docs/v1/swagger.json responded 200 in 432.3114 ms
2026-02-20 23:01:56.688 +06:00 [INF] Processing request LoginCommand
2026-02-20 23:01:57.773 +06:00 [INF] Completed request LoginCommand in 1080ms
2026-02-20 23:01:57.777 +06:00 [INF] HTTP POST /api/Auth/login responded 200 in 1586.2329 ms
2026-02-20 23:02:54.869 +06:00 [INF] HTTP GET /api/apikey responded 401 in 13.2327 ms
2026-02-20 23:03:02.809 +06:00 [INF] HTTP POST /api/apikey/generate responded 401 in 1.3637 ms
2026-02-20 23:03:14.702 +06:00 [INF] HTTP GET /api/apikey/usage responded 401 in 0.5112 ms
2026-02-20 23:03:37.832 +06:00 [INF] HTTP GET /api/apikey responded 401 in 0.3887 ms
2026-02-20 23:24:08.673 +06:00 [INF] Scheduler QuartzScheduler_$_NON_CLUSTERED shutting down.
2026-02-20 23:24:08.737 +06:00 [INF] Scheduler QuartzScheduler_$_NON_CLUSTERED paused.
2026-02-20 23:24:08.810 +06:00 [INF] Scheduler QuartzScheduler_$_NON_CLUSTERED Shutdown complete.
2026-02-20 23:24:57.077 +06:00 [INF] Applying database migrations...
2026-02-20 23:25:04.760 +06:00 [INF] Database migrations applied successfully.
2026-02-20 23:25:04.762 +06:00 [INF] Seeding database...
2026-02-20 23:25:05.731 +06:00 [INF] Admin user with email admin@fxratehub.com already exists
2026-02-20 23:25:06.127 +06:00 [INF] App setting with key SyncIntervalMinutes already exists
2026-02-20 23:25:06.458 +06:00 [INF] App setting with key DailyRequestLimit already exists
2026-02-20 23:25:06.785 +06:00 [INF] App setting with key MaintenanceMode already exists
2026-02-20 23:25:06.789 +06:00 [INF] Database seeding skipped - all records already exist
2026-02-20 23:25:06.794 +06:00 [INF] Database seeding completed.
2026-02-20 23:25:06.815 +06:00 [INF] FX Rate Hub API is starting...
2026-02-20 23:25:06.987 +06:00 [INF] Initialized Scheduler Signaller of type: Quartz.Core.SchedulerSignalerImpl
2026-02-20 23:25:06.992 +06:00 [INF] Quartz Scheduler created
2026-02-20 23:25:06.997 +06:00 [INF] JobFactory set to: Quartz.Simpl.MicrosoftDependencyInjectionJobFactory
2026-02-20 23:25:07.004 +06:00 [INF] RAMJobStore initialized.
2026-02-20 23:25:07.010 +06:00 [INF] Quartz Scheduler 3.8.1.0 - 'QuartzScheduler' with instanceId 'NON_CLUSTERED' initialized
2026-02-20 23:25:07.013 +06:00 [INF] Using thread pool 'Quartz.Simpl.DefaultThreadPool', size: 10
2026-02-20 23:25:07.022 +06:00 [INF] Using job store 'Quartz.Simpl.RAMJobStore', supports persistence: False, clustered: False
2026-02-20 23:25:07.072 +06:00 [INF] Adding 2 jobs, 2 triggers.
2026-02-20 23:25:07.082 +06:00 [INF] Adding job: DEFAULT.FxRateSyncJob
2026-02-20 23:25:07.128 +06:00 [INF] Adding job: DEFAULT.DailyResetJob
2026-02-20 23:25:07.420 +06:00 [INF] Scheduler QuartzScheduler_$_NON_CLUSTERED started.
2026-02-20 23:26:48.426 +06:00 [INF] HTTP GET /api-docs/index.html responded 200 in 415.6463 ms
2026-02-20 23:26:53.654 +06:00 [INF] HTTP GET /api-docs/v1/swagger.json responded 200 in 1057.9564 ms
2026-02-20 23:37:27.815 +06:00 [WRN] Failed to determine the https port for redirect.
2026-02-20 23:37:29.129 +06:00 [INF] Processing request LoginCommand
2026-02-20 23:37:34.188 +06:00 [INF] Completed request LoginCommand in 5052ms
2026-02-20 23:37:34.272 +06:00 [INF] HTTP POST /api/Auth/login responded 200 in 6814.9563 ms
2026-02-20 23:38:19.390 +06:00 [INF] Processing request GetApiKeyQuery
2026-02-20 23:38:20.206 +06:00 [INF] Completed request GetApiKeyQuery in 738ms
2026-02-20 23:38:20.286 +06:00 [INF] HTTP GET /api/apikey responded 204 in 1383.9751 ms
2026-02-20 23:38:35.594 +06:00 [INF] Processing request GenerateApiKeyCommand
2026-02-20 23:38:37.039 +06:00 [INF] Completed request GenerateApiKeyCommand in 1440ms
2026-02-20 23:38:37.132 +06:00 [INF] HTTP POST /api/apikey/generate responded 201 in 1708.1318 ms
2026-02-20 23:43:17.654 +06:00 [INF] Processing request GetApiKeyUsageQuery
2026-02-20 23:43:19.836 +06:00 [INF] Completed request GetApiKeyUsageQuery in 2045ms
2026-02-20 23:43:19.907 +06:00 [INF] HTTP GET /api/apikey/usage responded 200 in 2688.0879 ms
2026-02-20 23:43:47.521 +06:00 [INF] Processing request GetApiKeyQuery
2026-02-20 23:43:48.948 +06:00 [INF] Completed request GetApiKeyQuery in 1420ms
2026-02-20 23:43:49.026 +06:00 [INF] HTTP GET /api/apikey responded 200 in 1625.9907 ms
2026-02-20 23:44:29.145 +06:00 [ERR] An unhandled exception occurred.
System.InvalidOperationException: Unable to resolve service for type 'FxRateHub.Application.Interfaces.IExchangeRateService' while attempting to activate 'FxRateHub.API.Controllers.V1.ExchangeRatesController'.
   at Microsoft.Extensions.DependencyInjection.ActivatorUtilities.ThrowHelperUnableToResolveService(Type type, Type requiredBy)
   at lambda_method272(Closure, IServiceProvider, Object[])
   at Microsoft.AspNetCore.Mvc.Controllers.ControllerFactoryProvider.<>c__DisplayClass6_0.<CreateControllerFactory>g__CreateController|0(ControllerContext controllerContext)
   at Microsoft.AspNetCore.Mvc.Infrastructure.ControllerActionInvoker.Next(State& next, Scope& scope, Object& state, Boolean& isCompleted)
   at Microsoft.AspNetCore.Mvc.Infrastructure.ControllerActionInvoker.InvokeInnerFilterAsync()
--- End of stack trace from previous location ---
   at Microsoft.AspNetCore.Mvc.Infrastructure.ResourceInvoker.<InvokeFilterPipelineAsync>g__Awaited|20_0(ResourceInvoker invoker, Task lastTask, State next, Scope scope, Object state, Boolean isCompleted)
   at Microsoft.AspNetCore.Mvc.Infrastructure.ResourceInvoker.<InvokeAsync>g__Awaited|17_0(ResourceInvoker invoker, Task task, IDisposable scope)
   at Microsoft.AspNetCore.Mvc.Infrastructure.ResourceInvoker.<InvokeAsync>g__Awaited|17_0(ResourceInvoker invoker, Task task, IDisposable scope)
   at Microsoft.AspNetCore.Authorization.AuthorizationMiddleware.Invoke(HttpContext context)
   at Microsoft.AspNetCore.Authentication.AuthenticationMiddleware.Invoke(HttpContext context)
   at FxRateHub.API.Middleware.ExceptionHandlingMiddleware.InvokeAsync(HttpContext context) in /media/mainul/Software/FxRateHub/src/FxRateHub.API/Middleware/ExceptionHandlingMiddleware.cs:line 26
2026-02-20 23:44:29.260 +06:00 [ERR] HTTP GET /api/v1/rates responded 500 in 433.2863 ms
