2026-02-19 22:04:39.902 +06:00 [INF] Applying database migrations...
2026-02-19 22:04:58.539 +06:00 [INF] Database migrations applied successfully.
2026-02-19 22:04:58.551 +06:00 [INF] Seeding database...
2026-02-19 22:05:09.217 +06:00 [INF] Admin user with email admin@fxratehub.com will be seeded
2026-02-19 22:05:10.229 +06:00 [INF] App setting SyncIntervalMinutes will be seeded
2026-02-19 22:05:10.526 +06:00 [INF] App setting DailyRequestLimit will be seeded
2026-02-19 22:05:10.808 +06:00 [INF] App setting MaintenanceMode will be seeded
2026-02-19 22:05:13.277 +06:00 [INF] Seeded 4 item(s) to the database
2026-02-19 22:05:13.314 +06:00 [INF] Database seeding completed.
2026-02-19 22:05:13.421 +06:00 [INF] FX Rate Hub API is starting...
2026-02-19 22:05:14.088 +06:00 [INF] Initialized Scheduler Signaller of type: Quartz.Core.SchedulerSignalerImpl
2026-02-19 22:05:14.153 +06:00 [INF] Quartz Scheduler created
2026-02-19 22:05:14.164 +06:00 [INF] JobFactory set to: Quartz.Simpl.MicrosoftDependencyInjectionJobFactory
2026-02-19 22:05:14.167 +06:00 [INF] RAMJobStore initialized.
2026-02-19 22:05:14.224 +06:00 [INF] Quartz Scheduler 3.8.1.0 - 'QuartzScheduler' with instanceId 'NON_CLUSTERED' initialized
2026-02-19 22:05:14.243 +06:00 [INF] Using thread pool 'Quartz.Simpl.DefaultThreadPool', size: 10
2026-02-19 22:05:14.256 +06:00 [INF] Using job store 'Quartz.Simpl.RAMJobStore', supports persistence: False, clustered: False
2026-02-19 22:05:14.464 +06:00 [INF] Adding 2 jobs, 2 triggers.
2026-02-19 22:05:14.497 +06:00 [INF] Adding job: DEFAULT.FxRateSyncJob
2026-02-19 22:05:14.717 +06:00 [INF] Adding job: DEFAULT.DailyResetJob
2026-02-19 22:05:15.184 +06:00 [WRN] No XML encryptor configured. Key {21b972e5-badd-4f8f-814f-975577f1e18e} may be persisted to storage in unencrypted form.
2026-02-19 22:05:15.915 +06:00 [INF] Scheduler QuartzScheduler_$_NON_CLUSTERED started.
2026-02-19 22:06:36.227 +06:00 [WRN] Failed to determine the https port for redirect.
2026-02-19 22:06:36.609 +06:00 [INF] HTTP GET / responded 404 in 505.3105 ms
2026-02-19 22:07:13.490 +06:00 [INF] Scheduler QuartzScheduler_$_NON_CLUSTERED shutting down.
2026-02-19 22:07:13.508 +06:00 [INF] Scheduler QuartzScheduler_$_NON_CLUSTERED paused.
2026-02-19 22:07:13.613 +06:00 [INF] Scheduler QuartzScheduler_$_NON_CLUSTERED Shutdown complete.
2026-02-19 22:12:54.731 +06:00 [INF] Applying database migrations...
2026-02-19 22:13:08.467 +06:00 [INF] Database migrations applied successfully.
2026-02-19 22:13:08.474 +06:00 [INF] Seeding database...
2026-02-19 22:13:12.256 +06:00 [INF] Admin user with email admin@fxratehub.com already exists
2026-02-19 22:13:12.787 +06:00 [INF] App setting with key SyncIntervalMinutes already exists
2026-02-19 22:13:13.439 +06:00 [INF] App setting with key DailyRequestLimit already exists
2026-02-19 22:13:13.762 +06:00 [INF] App setting with key MaintenanceMode already exists
2026-02-19 22:13:13.764 +06:00 [INF] Database seeding skipped - all records already exist
2026-02-19 22:13:13.774 +06:00 [INF] Database seeding completed.
2026-02-19 22:13:13.835 +06:00 [INF] FX Rate Hub API is starting...
2026-02-19 22:13:14.162 +06:00 [INF] Initialized Scheduler Signaller of type: Quartz.Core.SchedulerSignalerImpl
2026-02-19 22:13:14.171 +06:00 [INF] Quartz Scheduler created
2026-02-19 22:13:14.183 +06:00 [INF] JobFactory set to: Quartz.Simpl.MicrosoftDependencyInjectionJobFactory
2026-02-19 22:13:14.192 +06:00 [INF] RAMJobStore initialized.
2026-02-19 22:13:14.202 +06:00 [INF] Quartz Scheduler 3.8.1.0 - 'QuartzScheduler' with instanceId 'NON_CLUSTERED' initialized
2026-02-19 22:13:14.209 +06:00 [INF] Using thread pool 'Quartz.Simpl.DefaultThreadPool', size: 10
2026-02-19 22:13:14.215 +06:00 [INF] Using job store 'Quartz.Simpl.RAMJobStore', supports persistence: False, clustered: False
2026-02-19 22:13:14.272 +06:00 [INF] Adding 2 jobs, 2 triggers.
2026-02-19 22:13:14.284 +06:00 [INF] Adding job: DEFAULT.FxRateSyncJob
2026-02-19 22:13:14.360 +06:00 [INF] Adding job: DEFAULT.DailyResetJob
2026-02-19 22:13:15.106 +06:00 [INF] Scheduler QuartzScheduler_$_NON_CLUSTERED started.
2026-02-19 22:18:36.800 +06:00 [WRN] Failed to determine the https port for redirect.
2026-02-19 22:18:37.575 +06:00 [INF] HTTP GET /swagger/index.html responded 404 in 1063.6511 ms
2026-02-19 22:19:33.190 +06:00 [INF] HTTP GET /api-docs/index.html responded 200 in 749.9983 ms
2026-02-19 22:19:45.714 +06:00 [INF] HTTP GET / responded 404 in 21.8093 ms
2026-02-19 22:19:53.700 +06:00 [INF] HTTP GET /swagger responded 404 in 41.6584 ms
2026-02-19 22:22:46.370 +06:00 [INF] HTTP GET /api-docs/index.html responded 200 in 492.7216 ms
2026-02-19 22:22:47.024 +06:00 [INF] HTTP GET /api-docs/swagger-ui-bundle.js responded 200 in 487.7535 ms
2026-02-19 22:22:47.024 +06:00 [INF] HTTP GET /api-docs/swagger-ui.css responded 200 in 483.5210 ms
2026-02-19 22:22:47.025 +06:00 [INF] HTTP GET /api-docs/swagger-ui-standalone-preset.js responded 200 in 481.7629 ms
2026-02-19 22:22:52.436 +06:00 [INF] HTTP GET /api-docs/favicon-32x32.png responded 200 in 2.7358 ms
2026-02-19 22:22:54.202 +06:00 [INF] HTTP GET /api-docs/v1/swagger.json responded 200 in 2014.8237 ms
2026-02-19 22:28:47.382 +06:00 [INF] Scheduler QuartzScheduler_$_NON_CLUSTERED shutting down.
2026-02-19 22:28:47.514 +06:00 [INF] Scheduler QuartzScheduler_$_NON_CLUSTERED paused.
2026-02-19 22:28:47.583 +06:00 [INF] Scheduler QuartzScheduler_$_NON_CLUSTERED Shutdown complete.
2026-02-19 22:30:55.933 +06:00 [INF] Applying database migrations...
2026-02-19 22:31:06.041 +06:00 [INF] Database migrations applied successfully.
2026-02-19 22:31:06.043 +06:00 [INF] Seeding database...
2026-02-19 22:31:07.033 +06:00 [INF] Admin user with email admin@fxratehub.com already exists
2026-02-19 22:31:07.476 +06:00 [INF] App setting with key SyncIntervalMinutes already exists
2026-02-19 22:31:07.811 +06:00 [INF] App setting with key DailyRequestLimit already exists
2026-02-19 22:31:08.131 +06:00 [INF] App setting with key MaintenanceMode already exists
2026-02-19 22:31:08.135 +06:00 [INF] Database seeding skipped - all records already exist
2026-02-19 22:31:08.142 +06:00 [INF] Database seeding completed.
2026-02-19 22:31:08.169 +06:00 [INF] FX Rate Hub API is starting...
2026-02-19 22:31:08.418 +06:00 [INF] Initialized Scheduler Signaller of type: Quartz.Core.SchedulerSignalerImpl
2026-02-19 22:31:08.429 +06:00 [INF] Quartz Scheduler created
2026-02-19 22:31:08.439 +06:00 [INF] JobFactory set to: Quartz.Simpl.MicrosoftDependencyInjectionJobFactory
2026-02-19 22:31:08.446 +06:00 [INF] RAMJobStore initialized.
2026-02-19 22:31:08.452 +06:00 [INF] Quartz Scheduler 3.8.1.0 - 'QuartzScheduler' with instanceId 'NON_CLUSTERED' initialized
2026-02-19 22:31:08.458 +06:00 [INF] Using thread pool 'Quartz.Simpl.DefaultThreadPool', size: 10
2026-02-19 22:31:08.462 +06:00 [INF] Using job store 'Quartz.Simpl.RAMJobStore', supports persistence: False, clustered: False
2026-02-19 22:31:08.498 +06:00 [INF] Adding 2 jobs, 2 triggers.
2026-02-19 22:31:08.506 +06:00 [INF] Adding job: DEFAULT.FxRateSyncJob
2026-02-19 22:31:08.555 +06:00 [INF] Adding job: DEFAULT.DailyResetJob
2026-02-19 22:31:08.773 +06:00 [INF] Scheduler QuartzScheduler_$_NON_CLUSTERED started.
2026-02-19 22:31:25.005 +06:00 [WRN] Failed to determine the https port for redirect.
2026-02-19 22:31:25.262 +06:00 [INF] HTTP GET / responded 302 in 401.1417 ms
2026-02-19 22:31:25.732 +06:00 [INF] HTTP GET /api-docs/index.html responded 200 in 384.3351 ms
2026-02-19 22:31:30.326 +06:00 [INF] HTTP GET /api-docs/v1/swagger.json responded 200 in 1372.6542 ms
2026-02-19 22:33:17.695 +06:00 [INF] HTTP GET / responded 302 in 104.0056 ms
2026-02-19 22:33:17.896 +06:00 [INF] HTTP GET /api-docs/index.html responded 200 in 62.1914 ms
2026-02-19 22:33:22.399 +06:00 [INF] HTTP GET /api-docs/swagger-ui.css responded 200 in 334.1539 ms
2026-02-19 22:33:22.409 +06:00 [INF] HTTP GET /api-docs/swagger-ui-standalone-preset.js responded 200 in 339.3617 ms
2026-02-19 22:33:22.467 +06:00 [INF] HTTP GET /api-docs/swagger-ui-bundle.js responded 200 in 401.6760 ms
2026-02-19 22:33:24.401 +06:00 [INF] HTTP GET /api-docs/v1/swagger.json responded 200 in 550.7385 ms
2026-02-19 22:33:24.886 +06:00 [INF] HTTP GET /api-docs/favicon-32x32.png responded 200 in 50.9270 ms
